[0.016s] Invoking command in '/home/jellybuba/repos/ROS_DE230003/ros2_ws/build/samk_robowar_world': CMAKE_PREFIX_PATH=${CMAKE_PREFIX_PATH}:/opt/ros/jazzy /usr/bin/cmake --build /home/jellybuba/repos/ROS_DE230003/ros2_ws/build/samk_robowar_world -- -j16 -l16
[0.118s] -- Found ament_cmake: 2.5.4 (/opt/ros/jazzy/share/ament_cmake/cmake)
[0.437s] -- Configuring done (0.3s)
[0.447s] -- Generating done (0.0s)
[0.450s] -- Build files have been written to: /home/jellybuba/repos/ROS_DE230003/ros2_ws/build/samk_robowar_world
[0.484s] Invoked command in '/home/jellybuba/repos/ROS_DE230003/ros2_ws/build/samk_robowar_world' returned '0': CMAKE_PREFIX_PATH=${CMAKE_PREFIX_PATH}:/opt/ros/jazzy /usr/bin/cmake --build /home/jellybuba/repos/ROS_DE230003/ros2_ws/build/samk_robowar_world -- -j16 -l16
[0.496s] Invoking command in '/home/jellybuba/repos/ROS_DE230003/ros2_ws/build/samk_robowar_world': CMAKE_PREFIX_PATH=${CMAKE_PREFIX_PATH}:/opt/ros/jazzy /usr/bin/cmake --install /home/jellybuba/repos/ROS_DE230003/ros2_ws/build/samk_robowar_world
[0.503s] -- Install configuration: ""
[0.504s] -- Up-to-date: /home/jellybuba/repos/ROS_DE230003/ros2_ws/install/samk_robowar_world/share/samk_robowar_world
[0.504s] -- Installing: /home/jellybuba/repos/ROS_DE230003/ros2_ws/install/samk_robowar_world/share/samk_robowar_world/samk_robowar_arena_no_pit.launch
[0.504s] -- Installing: /home/jellybuba/repos/ROS_DE230003/ros2_ws/install/samk_robowar_world/share/samk_robowar_world/samk_robowar_arena.launch
[0.504s] -- Installing: /home/jellybuba/repos/ROS_DE230003/ros2_ws/install/samk_robowar_world/share/ament_index/resource_index/package_run_dependencies/samk_robowar_world
[0.505s] -- Up-to-date: /home/jellybuba/repos/ROS_DE230003/ros2_ws/install/samk_robowar_world/share/ament_index/resource_index/parent_prefix_path/samk_robowar_world
[0.505s] -- Up-to-date: /home/jellybuba/repos/ROS_DE230003/ros2_ws/install/samk_robowar_world/share/samk_robowar_world/environment/ament_prefix_path.sh
[0.505s] -- Up-to-date: /home/jellybuba/repos/ROS_DE230003/ros2_ws/install/samk_robowar_world/share/samk_robowar_world/environment/ament_prefix_path.dsv
[0.506s] -- Up-to-date: /home/jellybuba/repos/ROS_DE230003/ros2_ws/install/samk_robowar_world/share/samk_robowar_world/environment/path.sh
[0.506s] -- Up-to-date: /home/jellybuba/repos/ROS_DE230003/ros2_ws/install/samk_robowar_world/share/samk_robowar_world/environment/path.dsv
[0.506s] -- Up-to-date: /home/jellybuba/repos/ROS_DE230003/ros2_ws/install/samk_robowar_world/share/samk_robowar_world/local_setup.bash
[0.506s] -- Up-to-date: /home/jellybuba/repos/ROS_DE230003/ros2_ws/install/samk_robowar_world/share/samk_robowar_world/local_setup.sh
[0.506s] -- Up-to-date: /home/jellybuba/repos/ROS_DE230003/ros2_ws/install/samk_robowar_world/share/samk_robowar_world/local_setup.zsh
[0.506s] -- Up-to-date: /home/jellybuba/repos/ROS_DE230003/ros2_ws/install/samk_robowar_world/share/samk_robowar_world/local_setup.dsv
[0.506s] -- Up-to-date: /home/jellybuba/repos/ROS_DE230003/ros2_ws/install/samk_robowar_world/share/samk_robowar_world/package.dsv
[0.506s] -- Up-to-date: /home/jellybuba/repos/ROS_DE230003/ros2_ws/install/samk_robowar_world/share/ament_index/resource_index/packages/samk_robowar_world
[0.507s] -- Installing: /home/jellybuba/repos/ROS_DE230003/ros2_ws/install/samk_robowar_world/share/samk_robowar_world/cmake/samk_robowar_worldConfig.cmake
[0.507s] -- Installing: /home/jellybuba/repos/ROS_DE230003/ros2_ws/install/samk_robowar_world/share/samk_robowar_world/cmake/samk_robowar_worldConfig-version.cmake
[0.507s] -- Installing: /home/jellybuba/repos/ROS_DE230003/ros2_ws/install/samk_robowar_world/share/samk_robowar_world/package.xml
[0.509s] Invoked command in '/home/jellybuba/repos/ROS_DE230003/ros2_ws/build/samk_robowar_world' returned '0': CMAKE_PREFIX_PATH=${CMAKE_PREFIX_PATH}:/opt/ros/jazzy /usr/bin/cmake --install /home/jellybuba/repos/ROS_DE230003/ros2_ws/build/samk_robowar_world
