running develop
running egg_info
creating mobile_robot.egg-info
writing mobile_robot.egg-info/PKG-INFO
writing dependency_links to mobile_robot.egg-info/dependency_links.txt
writing requirements to mobile_robot.egg-info/requires.txt
writing top-level names to mobile_robot.egg-info/top_level.txt
writing manifest file 'mobile_robot.egg-info/SOURCES.txt'
reading manifest file 'mobile_robot.egg-info/SOURCES.txt'
writing manifest file 'mobile_robot.egg-info/SOURCES.txt'
running build_ext
Creating /home/jellybuba/repos/ros2_ws/src/mobile_robot/install/mobile_robot/lib/python3.12/site-packages/mobile-robot.egg-link (link to .)

Installed /home/jellybuba/repos/ros2_ws/src/mobile_robot/build/mobile_robot
running symlink_data
creating /home/jellybuba/repos/ros2_ws/src/mobile_robot/install/mobile_robot/share/ament_index
creating /home/jellybuba/repos/ros2_ws/src/mobile_robot/install/mobile_robot/share/ament_index/resource_index
creating /home/jellybuba/repos/ros2_ws/src/mobile_robot/install/mobile_robot/share/ament_index/resource_index/packages
symbolically linking /home/jellybuba/repos/ros2_ws/src/mobile_robot/build/mobile_robot/resource/mobile_robot -> /home/jellybuba/repos/ros2_ws/src/mobile_robot/install/mobile_robot/share/ament_index/resource_index/packages
symbolically linking /home/jellybuba/repos/ros2_ws/src/mobile_robot/build/mobile_robot/package.xml -> /home/jellybuba/repos/ros2_ws/src/mobile_robot/install/mobile_robot/share/mobile_robot
creating /home/jellybuba/repos/ros2_ws/src/mobile_robot/install/mobile_robot/share/mobile_robot/launch
creating /home/jellybuba/repos/ros2_ws/src/mobile_robot/install/mobile_robot/share/mobile_robot/model
symbolically linking /home/jellybuba/repos/ros2_ws/src/mobile_robot/build/mobile_robot/model/mobile_robot.xacro -> /home/jellybuba/repos/ros2_ws/src/mobile_robot/install/mobile_robot/share/mobile_robot/model
symbolically linking /home/jellybuba/repos/ros2_ws/src/mobile_robot/build/mobile_robot/model/something.gazebo -> /home/jellybuba/repos/ros2_ws/src/mobile_robot/install/mobile_robot/share/mobile_robot/model
creating /home/jellybuba/repos/ros2_ws/src/mobile_robot/install/mobile_robot/share/mobile_robot/parameters
