[1.083s] Invoking command in '/home/jellybuba/repos/ros2_ws/src/mobile_robot/build/mobile_robot': PYTHONPATH=/home/jellybuba/repos/ros2_ws/src/mobile_robot/build/mobile_robot/prefix_override:/usr/lib/python3/dist-packages/colcon_core/task/python/colcon_distutils_commands:/home/jellybuba/repos/ros2_ws/src/mobile_robot/install/mobile_robot/lib/python3.12/site-packages:${PYTHONPATH} /usr/bin/python3 -W ignore:setup.py install is deprecated -W ignore:easy_install command is deprecated setup.py develop --editable --build-directory /home/jellybuba/repos/ros2_ws/src/mobile_robot/build/mobile_robot/build --no-deps symlink_data
[1.371s] running develop
[1.546s] running egg_info
[1.546s] creating mobile_robot.egg-info
[1.563s] writing mobile_robot.egg-info/PKG-INFO
[1.563s] writing dependency_links to mobile_robot.egg-info/dependency_links.txt
[1.563s] writing requirements to mobile_robot.egg-info/requires.txt
[1.564s] writing top-level names to mobile_robot.egg-info/top_level.txt
[1.564s] writing manifest file 'mobile_robot.egg-info/SOURCES.txt'
[1.598s] reading manifest file 'mobile_robot.egg-info/SOURCES.txt'
[1.598s] writing manifest file 'mobile_robot.egg-info/SOURCES.txt'
[1.619s] running build_ext
[1.619s] Creating /home/jellybuba/repos/ros2_ws/src/mobile_robot/install/mobile_robot/lib/python3.12/site-packages/mobile-robot.egg-link (link to .)
[1.619s] 
[1.620s] Installed /home/jellybuba/repos/ros2_ws/src/mobile_robot/build/mobile_robot
[1.620s] running symlink_data
[1.620s] creating /home/jellybuba/repos/ros2_ws/src/mobile_robot/install/mobile_robot/share/ament_index
[1.620s] creating /home/jellybuba/repos/ros2_ws/src/mobile_robot/install/mobile_robot/share/ament_index/resource_index
[1.621s] creating /home/jellybuba/repos/ros2_ws/src/mobile_robot/install/mobile_robot/share/ament_index/resource_index/packages
[1.621s] symbolically linking /home/jellybuba/repos/ros2_ws/src/mobile_robot/build/mobile_robot/resource/mobile_robot -> /home/jellybuba/repos/ros2_ws/src/mobile_robot/install/mobile_robot/share/ament_index/resource_index/packages
[1.621s] symbolically linking /home/jellybuba/repos/ros2_ws/src/mobile_robot/build/mobile_robot/package.xml -> /home/jellybuba/repos/ros2_ws/src/mobile_robot/install/mobile_robot/share/mobile_robot
[1.622s] creating /home/jellybuba/repos/ros2_ws/src/mobile_robot/install/mobile_robot/share/mobile_robot/launch
[1.622s] creating /home/jellybuba/repos/ros2_ws/src/mobile_robot/install/mobile_robot/share/mobile_robot/model
[1.623s] symbolically linking /home/jellybuba/repos/ros2_ws/src/mobile_robot/build/mobile_robot/model/mobile_robot.xacro -> /home/jellybuba/repos/ros2_ws/src/mobile_robot/install/mobile_robot/share/mobile_robot/model
[1.623s] symbolically linking /home/jellybuba/repos/ros2_ws/src/mobile_robot/build/mobile_robot/model/something.gazebo -> /home/jellybuba/repos/ros2_ws/src/mobile_robot/install/mobile_robot/share/mobile_robot/model
[1.623s] creating /home/jellybuba/repos/ros2_ws/src/mobile_robot/install/mobile_robot/share/mobile_robot/parameters
[1.654s] Invoked command in '/home/jellybuba/repos/ros2_ws/src/mobile_robot/build/mobile_robot' returned '0': PYTHONPATH=/home/jellybuba/repos/ros2_ws/src/mobile_robot/build/mobile_robot/prefix_override:/usr/lib/python3/dist-packages/colcon_core/task/python/colcon_distutils_commands:/home/jellybuba/repos/ros2_ws/src/mobile_robot/install/mobile_robot/lib/python3.12/site-packages:${PYTHONPATH} /usr/bin/python3 -W ignore:setup.py install is deprecated -W ignore:easy_install command is deprecated setup.py develop --editable --build-directory /home/jellybuba/repos/ros2_ws/src/mobile_robot/build/mobile_robot/build --no-deps symlink_data
