[0.184s] DEBUG:colcon:Command line arguments: ['/usr/bin/colcon', 'build', '--packages-select', 'samk_robowar_world']
[0.184s] DEBUG:colcon:Parsed command line arguments: Namespace(log_base=None, log_level=None, verb_name='build', build_base='build', install_base='install', merge_install=False, symlink_install=False, test_result_base=None, continue_on_error=False, executor='parallel', parallel_workers=16, event_handlers=None, ignore_user_meta=False, metas=['./colcon.meta'], base_paths=['.'], packages_ignore=None, packages_ignore_regex=None, paths=None, packages_up_to=None, packages_up_to_regex=None, packages_above=None, packages_above_and_dependencies=None, packages_above_depth=None, packages_select_by_dep=None, packages_skip_by_dep=None, packages_skip_up_to=None, packages_select_build_failed=False, packages_skip_build_finished=False, packages_select_test_failures=False, packages_skip_test_passed=False, packages_select=['samk_robowar_world'], packages_skip=None, packages_select_regex=None, packages_skip_regex=None, packages_start=None, packages_end=None, allow_overriding=[], cmake_args=None, cmake_target=None, cmake_target_skip_unavailable=False, cmake_clean_cache=False, cmake_clean_first=False, cmake_force_configure=False, ament_cmake_args=None, catkin_cmake_args=None, catkin_skip_building_tests=False, mixin_files=None, mixin=None, verb_parser=<colcon_mixin.mixin.mixin_argument.MixinArgumentDecorator object at 0x72494df84b60>, verb_extension=<colcon_core.verb.build.BuildVerb object at 0x72494df84920>, main=<bound method BuildVerb.main of <colcon_core.verb.build.BuildVerb object at 0x72494df84920>>, mixin_verb=('build',))
[0.221s] Level 1:colcon.colcon_core.package_discovery:discover_packages(colcon_meta) check parameters
[0.221s] Level 1:colcon.colcon_core.package_discovery:discover_packages(recursive) check parameters
[0.221s] Level 1:colcon.colcon_core.package_discovery:discover_packages(ignore) check parameters
[0.221s] Level 1:colcon.colcon_core.package_discovery:discover_packages(path) check parameters
[0.221s] Level 1:colcon.colcon_core.package_discovery:discover_packages(colcon_meta) discover
[0.221s] Level 1:colcon.colcon_core.package_discovery:discover_packages(recursive) discover
[0.221s] INFO:colcon.colcon_core.package_discovery:Crawling recursively for packages in '/home/jellybuba/repos/ROS_DE230003/ros2_ws'
[0.221s] Level 1:colcon.colcon_core.package_identification:_identify(.) by extensions ['ignore', 'ignore_ament_install']
[0.221s] Level 1:colcon.colcon_core.package_identification:_identify(.) by extension 'ignore'
[0.221s] Level 1:colcon.colcon_core.package_identification:_identify(.) by extension 'ignore_ament_install'
[0.221s] Level 1:colcon.colcon_core.package_identification:_identify(.) by extensions ['colcon_pkg']
[0.221s] Level 1:colcon.colcon_core.package_identification:_identify(.) by extension 'colcon_pkg'
[0.221s] Level 1:colcon.colcon_core.package_identification:_identify(.) by extensions ['colcon_meta']
[0.221s] Level 1:colcon.colcon_core.package_identification:_identify(.) by extension 'colcon_meta'
[0.221s] Level 1:colcon.colcon_core.package_identification:_identify(.) by extensions ['ros']
[0.221s] Level 1:colcon.colcon_core.package_identification:_identify(.) by extension 'ros'
[0.244s] Level 1:colcon.colcon_core.package_identification:_identify(.) by extensions ['cmake', 'python']
[0.244s] Level 1:colcon.colcon_core.package_identification:_identify(.) by extension 'cmake'
[0.244s] Level 1:colcon.colcon_core.package_identification:_identify(.) by extension 'python'
[0.244s] Level 1:colcon.colcon_core.package_identification:_identify(.) by extensions ['python_setup_py']
[0.244s] Level 1:colcon.colcon_core.package_identification:_identify(.) by extension 'python_setup_py'
[0.244s] Level 1:colcon.colcon_core.package_identification:_identify(build) by extensions ['ignore', 'ignore_ament_install']
[0.244s] Level 1:colcon.colcon_core.package_identification:_identify(build) by extension 'ignore'
[0.244s] Level 1:colcon.colcon_core.package_identification:_identify(build) ignored
[0.244s] Level 1:colcon.colcon_core.package_identification:_identify(install) by extensions ['ignore', 'ignore_ament_install']
[0.245s] Level 1:colcon.colcon_core.package_identification:_identify(install) by extension 'ignore'
[0.245s] Level 1:colcon.colcon_core.package_identification:_identify(install) ignored
[0.245s] Level 1:colcon.colcon_core.package_identification:_identify(log) by extensions ['ignore', 'ignore_ament_install']
[0.245s] Level 1:colcon.colcon_core.package_identification:_identify(log) by extension 'ignore'
[0.245s] Level 1:colcon.colcon_core.package_identification:_identify(log) ignored
[0.245s] Level 1:colcon.colcon_core.package_identification:_identify(src) by extensions ['ignore', 'ignore_ament_install']
[0.245s] Level 1:colcon.colcon_core.package_identification:_identify(src) by extension 'ignore'
[0.245s] Level 1:colcon.colcon_core.package_identification:_identify(src) by extension 'ignore_ament_install'
[0.245s] Level 1:colcon.colcon_core.package_identification:_identify(src) by extensions ['colcon_pkg']
[0.245s] Level 1:colcon.colcon_core.package_identification:_identify(src) by extension 'colcon_pkg'
[0.245s] Level 1:colcon.colcon_core.package_identification:_identify(src) by extensions ['colcon_meta']
[0.245s] Level 1:colcon.colcon_core.package_identification:_identify(src) by extension 'colcon_meta'
[0.245s] Level 1:colcon.colcon_core.package_identification:_identify(src) by extensions ['ros']
[0.245s] Level 1:colcon.colcon_core.package_identification:_identify(src) by extension 'ros'
[0.245s] Level 1:colcon.colcon_core.package_identification:_identify(src) by extensions ['cmake', 'python']
[0.245s] Level 1:colcon.colcon_core.package_identification:_identify(src) by extension 'cmake'
[0.245s] Level 1:colcon.colcon_core.package_identification:_identify(src) by extension 'python'
[0.245s] Level 1:colcon.colcon_core.package_identification:_identify(src) by extensions ['python_setup_py']
[0.245s] Level 1:colcon.colcon_core.package_identification:_identify(src) by extension 'python_setup_py'
[0.246s] Level 1:colcon.colcon_core.package_identification:_identify(src/samk_robowar_world) by extensions ['ignore', 'ignore_ament_install']
[0.246s] Level 1:colcon.colcon_core.package_identification:_identify(src/samk_robowar_world) by extension 'ignore'
[0.246s] Level 1:colcon.colcon_core.package_identification:_identify(src/samk_robowar_world) by extension 'ignore_ament_install'
[0.246s] Level 1:colcon.colcon_core.package_identification:_identify(src/samk_robowar_world) by extensions ['colcon_pkg']
[0.246s] Level 1:colcon.colcon_core.package_identification:_identify(src/samk_robowar_world) by extension 'colcon_pkg'
[0.246s] Level 1:colcon.colcon_core.package_identification:_identify(src/samk_robowar_world) by extensions ['colcon_meta']
[0.246s] Level 1:colcon.colcon_core.package_identification:_identify(src/samk_robowar_world) by extension 'colcon_meta'
[0.246s] Level 1:colcon.colcon_core.package_identification:_identify(src/samk_robowar_world) by extensions ['ros']
[0.246s] Level 1:colcon.colcon_core.package_identification:_identify(src/samk_robowar_world) by extension 'ros'
[0.248s] DEBUG:colcon.colcon_core.package_identification:Package 'src/samk_robowar_world' with type 'ros.ament_cmake' and name 'samk_robowar_world'
[0.248s] Level 1:colcon.colcon_core.package_identification:_identify(src/sensors_demo) by extensions ['ignore', 'ignore_ament_install']
[0.248s] Level 1:colcon.colcon_core.package_identification:_identify(src/sensors_demo) by extension 'ignore'
[0.248s] Level 1:colcon.colcon_core.package_identification:_identify(src/sensors_demo) by extension 'ignore_ament_install'
[0.248s] Level 1:colcon.colcon_core.package_identification:_identify(src/sensors_demo) by extensions ['colcon_pkg']
[0.248s] Level 1:colcon.colcon_core.package_identification:_identify(src/sensors_demo) by extension 'colcon_pkg'
[0.248s] Level 1:colcon.colcon_core.package_identification:_identify(src/sensors_demo) by extensions ['colcon_meta']
[0.248s] Level 1:colcon.colcon_core.package_identification:_identify(src/sensors_demo) by extension 'colcon_meta'
[0.248s] Level 1:colcon.colcon_core.package_identification:_identify(src/sensors_demo) by extensions ['ros']
[0.248s] Level 1:colcon.colcon_core.package_identification:_identify(src/sensors_demo) by extension 'ros'
[0.249s] DEBUG:colcon.colcon_core.package_identification:Package 'src/sensors_demo' with type 'ros.ament_cmake' and name 'sensors_demo'
[0.249s] Level 1:colcon.colcon_core.package_discovery:discover_packages(recursive) using defaults
[0.249s] Level 1:colcon.colcon_core.package_discovery:discover_packages(ignore) discover
[0.249s] Level 1:colcon.colcon_core.package_discovery:discover_packages(ignore) using defaults
[0.249s] Level 1:colcon.colcon_core.package_discovery:discover_packages(path) discover
[0.249s] Level 1:colcon.colcon_core.package_discovery:discover_packages(path) using defaults
[0.263s] INFO:colcon.colcon_core.package_selection:Skipping not selected package 'sensors_demo' in 'src/sensors_demo'
[0.263s] Level 1:colcon.colcon_core.package_discovery:discover_packages(prefix_path) check parameters
[0.263s] Level 1:colcon.colcon_core.package_discovery:discover_packages(prefix_path) discover
[0.265s] DEBUG:colcon.colcon_installed_package_information.package_discovery:Found 2 installed packages in /home/jellybuba/repos/ROS_DE230003/ros2_ws/install
[0.266s] DEBUG:colcon.colcon_installed_package_information.package_discovery:Found 285 installed packages in /opt/ros/jazzy
[0.267s] Level 1:colcon.colcon_core.package_discovery:discover_packages(prefix_path) using defaults
[0.298s] Level 5:colcon.colcon_core.verb:set package 'samk_robowar_world' build argument 'cmake_args' from command line to 'None'
[0.298s] Level 5:colcon.colcon_core.verb:set package 'samk_robowar_world' build argument 'cmake_target' from command line to 'None'
[0.298s] Level 5:colcon.colcon_core.verb:set package 'samk_robowar_world' build argument 'cmake_target_skip_unavailable' from command line to 'False'
[0.298s] Level 5:colcon.colcon_core.verb:set package 'samk_robowar_world' build argument 'cmake_clean_cache' from command line to 'False'
[0.298s] Level 5:colcon.colcon_core.verb:set package 'samk_robowar_world' build argument 'cmake_clean_first' from command line to 'False'
[0.298s] Level 5:colcon.colcon_core.verb:set package 'samk_robowar_world' build argument 'cmake_force_configure' from command line to 'False'
[0.298s] Level 5:colcon.colcon_core.verb:set package 'samk_robowar_world' build argument 'ament_cmake_args' from command line to 'None'
[0.298s] Level 5:colcon.colcon_core.verb:set package 'samk_robowar_world' build argument 'catkin_cmake_args' from command line to 'None'
[0.298s] Level 5:colcon.colcon_core.verb:set package 'samk_robowar_world' build argument 'catkin_skip_building_tests' from command line to 'False'
[0.298s] DEBUG:colcon.colcon_core.verb:Building package 'samk_robowar_world' with the following arguments: {'ament_cmake_args': None, 'build_base': '/home/jellybuba/repos/ROS_DE230003/ros2_ws/build/samk_robowar_world', 'catkin_cmake_args': None, 'catkin_skip_building_tests': False, 'cmake_args': None, 'cmake_clean_cache': False, 'cmake_clean_first': False, 'cmake_force_configure': False, 'cmake_target': None, 'cmake_target_skip_unavailable': False, 'install_base': '/home/jellybuba/repos/ROS_DE230003/ros2_ws/install/samk_robowar_world', 'merge_install': False, 'path': '/home/jellybuba/repos/ROS_DE230003/ros2_ws/src/samk_robowar_world', 'symlink_install': False, 'test_result_base': None}
[0.298s] INFO:colcon.colcon_core.executor:Executing jobs using 'parallel' executor
[0.299s] DEBUG:colcon.colcon_parallel_executor.executor.parallel:run_until_complete
[0.300s] INFO:colcon.colcon_ros.task.ament_cmake.build:Building ROS package in '/home/jellybuba/repos/ROS_DE230003/ros2_ws/src/samk_robowar_world' with build type 'ament_cmake'
[0.300s] INFO:colcon.colcon_cmake.task.cmake.build:Building CMake package in '/home/jellybuba/repos/ROS_DE230003/ros2_ws/src/samk_robowar_world'
[0.301s] INFO:colcon.colcon_core.plugin_system:Skipping extension 'colcon_core.shell.bat': Not used on non-Windows systems
[0.301s] INFO:colcon.colcon_core.shell:Skip shell extension 'powershell' for command environment: Not usable outside of PowerShell
[0.301s] DEBUG:colcon.colcon_core.shell:Skip shell extension 'dsv' for command environment
[0.311s] DEBUG:colcon.colcon_core.event_handler.log_command:Invoking command in '/home/jellybuba/repos/ROS_DE230003/ros2_ws/build/samk_robowar_world': CMAKE_PREFIX_PATH=${CMAKE_PREFIX_PATH}:/opt/ros/jazzy /usr/bin/cmake --build /home/jellybuba/repos/ROS_DE230003/ros2_ws/build/samk_robowar_world -- -j16 -l16
[0.355s] DEBUG:colcon.colcon_core.event_handler.log_command:Invoked command in '/home/jellybuba/repos/ROS_DE230003/ros2_ws/build/samk_robowar_world' returned '0': CMAKE_PREFIX_PATH=${CMAKE_PREFIX_PATH}:/opt/ros/jazzy /usr/bin/cmake --build /home/jellybuba/repos/ROS_DE230003/ros2_ws/build/samk_robowar_world -- -j16 -l16
[0.368s] DEBUG:colcon.colcon_core.event_handler.log_command:Invoking command in '/home/jellybuba/repos/ROS_DE230003/ros2_ws/build/samk_robowar_world': CMAKE_PREFIX_PATH=${CMAKE_PREFIX_PATH}:/opt/ros/jazzy /usr/bin/cmake --install /home/jellybuba/repos/ROS_DE230003/ros2_ws/build/samk_robowar_world
[0.379s] Level 1:colcon.colcon_core.environment:create_environment_scripts_only(samk_robowar_world)
[0.380s] DEBUG:colcon.colcon_core.event_handler.log_command:Invoked command in '/home/jellybuba/repos/ROS_DE230003/ros2_ws/build/samk_robowar_world' returned '0': CMAKE_PREFIX_PATH=${CMAKE_PREFIX_PATH}:/opt/ros/jazzy /usr/bin/cmake --install /home/jellybuba/repos/ROS_DE230003/ros2_ws/build/samk_robowar_world
[0.381s] Level 1:colcon.colcon_core.environment:checking '/home/jellybuba/repos/ROS_DE230003/ros2_ws/install/samk_robowar_world' for CMake module files
[0.382s] Level 1:colcon.colcon_core.environment:checking '/home/jellybuba/repos/ROS_DE230003/ros2_ws/install/samk_robowar_world' for CMake config files
[0.382s] Level 1:colcon.colcon_core.shell:create_environment_hook('samk_robowar_world', 'cmake_prefix_path')
[0.382s] INFO:colcon.colcon_core.shell:Creating environment hook '/home/jellybuba/repos/ROS_DE230003/ros2_ws/install/samk_robowar_world/share/samk_robowar_world/hook/cmake_prefix_path.ps1'
[0.383s] INFO:colcon.colcon_core.shell:Creating environment descriptor '/home/jellybuba/repos/ROS_DE230003/ros2_ws/install/samk_robowar_world/share/samk_robowar_world/hook/cmake_prefix_path.dsv'
[0.383s] INFO:colcon.colcon_core.shell:Creating environment hook '/home/jellybuba/repos/ROS_DE230003/ros2_ws/install/samk_robowar_world/share/samk_robowar_world/hook/cmake_prefix_path.sh'
[0.383s] Level 1:colcon.colcon_core.environment:checking '/home/jellybuba/repos/ROS_DE230003/ros2_ws/install/samk_robowar_world/bin'
[0.383s] Level 1:colcon.colcon_core.environment:checking '/home/jellybuba/repos/ROS_DE230003/ros2_ws/install/samk_robowar_world/lib/pkgconfig/samk_robowar_world.pc'
[0.384s] Level 1:colcon.colcon_core.environment:checking '/home/jellybuba/repos/ROS_DE230003/ros2_ws/install/samk_robowar_world/lib/python3.12/site-packages'
[0.384s] Level 1:colcon.colcon_core.environment:checking '/home/jellybuba/repos/ROS_DE230003/ros2_ws/install/samk_robowar_world/bin'
[0.384s] INFO:colcon.colcon_core.shell:Creating package script '/home/jellybuba/repos/ROS_DE230003/ros2_ws/install/samk_robowar_world/share/samk_robowar_world/package.ps1'
[0.385s] INFO:colcon.colcon_core.shell:Creating package descriptor '/home/jellybuba/repos/ROS_DE230003/ros2_ws/install/samk_robowar_world/share/samk_robowar_world/package.dsv'
[0.385s] INFO:colcon.colcon_core.shell:Creating package script '/home/jellybuba/repos/ROS_DE230003/ros2_ws/install/samk_robowar_world/share/samk_robowar_world/package.sh'
[0.385s] INFO:colcon.colcon_core.shell:Creating package script '/home/jellybuba/repos/ROS_DE230003/ros2_ws/install/samk_robowar_world/share/samk_robowar_world/package.bash'
[0.386s] INFO:colcon.colcon_core.shell:Creating package script '/home/jellybuba/repos/ROS_DE230003/ros2_ws/install/samk_robowar_world/share/samk_robowar_world/package.zsh'
[0.386s] Level 1:colcon.colcon_core.environment:create_file_with_runtime_dependencies(/home/jellybuba/repos/ROS_DE230003/ros2_ws/install/samk_robowar_world/share/colcon-core/packages/samk_robowar_world)
[0.387s] Level 1:colcon.colcon_core.environment:create_environment_scripts_only(samk_robowar_world)
[0.387s] Level 1:colcon.colcon_core.environment:checking '/home/jellybuba/repos/ROS_DE230003/ros2_ws/install/samk_robowar_world' for CMake module files
[0.387s] Level 1:colcon.colcon_core.environment:checking '/home/jellybuba/repos/ROS_DE230003/ros2_ws/install/samk_robowar_world' for CMake config files
[0.387s] Level 1:colcon.colcon_core.shell:create_environment_hook('samk_robowar_world', 'cmake_prefix_path')
[0.387s] INFO:colcon.colcon_core.shell:Creating environment hook '/home/jellybuba/repos/ROS_DE230003/ros2_ws/install/samk_robowar_world/share/samk_robowar_world/hook/cmake_prefix_path.ps1'
[0.388s] INFO:colcon.colcon_core.shell:Creating environment descriptor '/home/jellybuba/repos/ROS_DE230003/ros2_ws/install/samk_robowar_world/share/samk_robowar_world/hook/cmake_prefix_path.dsv'
[0.388s] INFO:colcon.colcon_core.shell:Creating environment hook '/home/jellybuba/repos/ROS_DE230003/ros2_ws/install/samk_robowar_world/share/samk_robowar_world/hook/cmake_prefix_path.sh'
[0.388s] Level 1:colcon.colcon_core.environment:checking '/home/jellybuba/repos/ROS_DE230003/ros2_ws/install/samk_robowar_world/bin'
[0.388s] Level 1:colcon.colcon_core.environment:checking '/home/jellybuba/repos/ROS_DE230003/ros2_ws/install/samk_robowar_world/lib/pkgconfig/samk_robowar_world.pc'
[0.389s] Level 1:colcon.colcon_core.environment:checking '/home/jellybuba/repos/ROS_DE230003/ros2_ws/install/samk_robowar_world/lib/python3.12/site-packages'
[0.389s] Level 1:colcon.colcon_core.environment:checking '/home/jellybuba/repos/ROS_DE230003/ros2_ws/install/samk_robowar_world/bin'
[0.389s] INFO:colcon.colcon_core.shell:Creating package script '/home/jellybuba/repos/ROS_DE230003/ros2_ws/install/samk_robowar_world/share/samk_robowar_world/package.ps1'
[0.389s] INFO:colcon.colcon_core.shell:Creating package descriptor '/home/jellybuba/repos/ROS_DE230003/ros2_ws/install/samk_robowar_world/share/samk_robowar_world/package.dsv'
[0.390s] INFO:colcon.colcon_core.shell:Creating package script '/home/jellybuba/repos/ROS_DE230003/ros2_ws/install/samk_robowar_world/share/samk_robowar_world/package.sh'
[0.390s] INFO:colcon.colcon_core.shell:Creating package script '/home/jellybuba/repos/ROS_DE230003/ros2_ws/install/samk_robowar_world/share/samk_robowar_world/package.bash'
[0.390s] INFO:colcon.colcon_core.shell:Creating package script '/home/jellybuba/repos/ROS_DE230003/ros2_ws/install/samk_robowar_world/share/samk_robowar_world/package.zsh'
[0.391s] Level 1:colcon.colcon_core.environment:create_file_with_runtime_dependencies(/home/jellybuba/repos/ROS_DE230003/ros2_ws/install/samk_robowar_world/share/colcon-core/packages/samk_robowar_world)
[0.391s] DEBUG:colcon.colcon_parallel_executor.executor.parallel:closing loop
[0.391s] DEBUG:colcon.colcon_parallel_executor.executor.parallel:loop closed
[0.391s] DEBUG:colcon.colcon_parallel_executor.executor.parallel:run_until_complete finished with '0'
[0.392s] DEBUG:colcon.colcon_core.event_reactor:joining thread
[0.445s] INFO:colcon.colcon_core.plugin_system:Skipping extension 'colcon_notification.desktop_notification.notify_send': Could not find 'notify-send'
[0.446s] INFO:colcon.colcon_core.plugin_system:Skipping extension 'colcon_notification.desktop_notification.terminal_notifier': Not used on non-Darwin systems
[0.446s] INFO:colcon.colcon_core.plugin_system:Skipping extension 'colcon_notification.desktop_notification.win32': Not used on non-Windows systems
[0.446s] INFO:colcon.colcon_notification.desktop_notification:Sending desktop notification using 'notify2'
[0.447s] DEBUG:colcon.colcon_notification.desktop_notification.notify2:Failed to initialize notify2: org.freedesktop.DBus.Error.ServiceUnknown: The name org.freedesktop.Notifications was not provided by any .service files
[0.447s] DEBUG:colcon.colcon_core.event_reactor:joined thread
[0.447s] INFO:colcon.colcon_core.shell:Creating prefix script '/home/jellybuba/repos/ROS_DE230003/ros2_ws/install/local_setup.ps1'
[0.448s] INFO:colcon.colcon_core.shell:Creating prefix util module '/home/jellybuba/repos/ROS_DE230003/ros2_ws/install/_local_setup_util_ps1.py'
[0.449s] INFO:colcon.colcon_core.shell:Creating prefix chain script '/home/jellybuba/repos/ROS_DE230003/ros2_ws/install/setup.ps1'
[0.449s] INFO:colcon.colcon_core.shell:Creating prefix script '/home/jellybuba/repos/ROS_DE230003/ros2_ws/install/local_setup.sh'
[0.450s] INFO:colcon.colcon_core.shell:Creating prefix util module '/home/jellybuba/repos/ROS_DE230003/ros2_ws/install/_local_setup_util_sh.py'
[0.450s] INFO:colcon.colcon_core.shell:Creating prefix chain script '/home/jellybuba/repos/ROS_DE230003/ros2_ws/install/setup.sh'
[0.451s] INFO:colcon.colcon_core.shell:Creating prefix script '/home/jellybuba/repos/ROS_DE230003/ros2_ws/install/local_setup.bash'
[0.451s] INFO:colcon.colcon_core.shell:Creating prefix chain script '/home/jellybuba/repos/ROS_DE230003/ros2_ws/install/setup.bash'
[0.452s] INFO:colcon.colcon_core.shell:Creating prefix script '/home/jellybuba/repos/ROS_DE230003/ros2_ws/install/local_setup.zsh'
[0.452s] INFO:colcon.colcon_core.shell:Creating prefix chain script '/home/jellybuba/repos/ROS_DE230003/ros2_ws/install/setup.zsh'
