[0.190s] DEBUG:colcon:Command line arguments: ['/usr/bin/colcon', 'build', '--packages-select', 'sensors_demo']
[0.190s] DEBUG:colcon:Parsed command line arguments: Namespace(log_base=None, log_level=None, verb_name='build', build_base='build', install_base='install', merge_install=False, symlink_install=False, test_result_base=None, continue_on_error=False, executor='parallel', parallel_workers=16, event_handlers=None, ignore_user_meta=False, metas=['./colcon.meta'], base_paths=['.'], packages_ignore=None, packages_ignore_regex=None, paths=None, packages_up_to=None, packages_up_to_regex=None, packages_above=None, packages_above_and_dependencies=None, packages_above_depth=None, packages_select_by_dep=None, packages_skip_by_dep=None, packages_skip_up_to=None, packages_select_build_failed=False, packages_skip_build_finished=False, packages_select_test_failures=False, packages_skip_test_passed=False, packages_select=['sensors_demo'], packages_skip=None, packages_select_regex=None, packages_skip_regex=None, packages_start=None, packages_end=None, allow_overriding=[], cmake_args=None, cmake_target=None, cmake_target_skip_unavailable=False, cmake_clean_cache=False, cmake_clean_first=False, cmake_force_configure=False, ament_cmake_args=None, catkin_cmake_args=None, catkin_skip_building_tests=False, mixin_files=None, mixin=None, verb_parser=<colcon_mixin.mixin.mixin_argument.MixinArgumentDecorator object at 0x7e9bc4178ad0>, verb_extension=<colcon_core.verb.build.BuildVerb object at 0x7e9bc41787a0>, main=<bound method BuildVerb.main of <colcon_core.verb.build.BuildVerb object at 0x7e9bc41787a0>>, mixin_verb=('build',))
[0.227s] Level 1:colcon.colcon_core.package_discovery:discover_packages(colcon_meta) check parameters
[0.227s] Level 1:colcon.colcon_core.package_discovery:discover_packages(recursive) check parameters
[0.227s] Level 1:colcon.colcon_core.package_discovery:discover_packages(ignore) check parameters
[0.227s] Level 1:colcon.colcon_core.package_discovery:discover_packages(path) check parameters
[0.227s] Level 1:colcon.colcon_core.package_discovery:discover_packages(colcon_meta) discover
[0.227s] Level 1:colcon.colcon_core.package_discovery:discover_packages(recursive) discover
[0.227s] INFO:colcon.colcon_core.package_discovery:Crawling recursively for packages in '/home/jellybuba/repos/ROS_DE230003/ros2_ws'
[0.227s] Level 1:colcon.colcon_core.package_identification:_identify(.) by extensions ['ignore', 'ignore_ament_install']
[0.227s] Level 1:colcon.colcon_core.package_identification:_identify(.) by extension 'ignore'
[0.227s] Level 1:colcon.colcon_core.package_identification:_identify(.) by extension 'ignore_ament_install'
[0.227s] Level 1:colcon.colcon_core.package_identification:_identify(.) by extensions ['colcon_pkg']
[0.228s] Level 1:colcon.colcon_core.package_identification:_identify(.) by extension 'colcon_pkg'
[0.228s] Level 1:colcon.colcon_core.package_identification:_identify(.) by extensions ['colcon_meta']
[0.228s] Level 1:colcon.colcon_core.package_identification:_identify(.) by extension 'colcon_meta'
[0.228s] Level 1:colcon.colcon_core.package_identification:_identify(.) by extensions ['ros']
[0.228s] Level 1:colcon.colcon_core.package_identification:_identify(.) by extension 'ros'
[0.250s] Level 1:colcon.colcon_core.package_identification:_identify(.) by extensions ['cmake', 'python']
[0.250s] Level 1:colcon.colcon_core.package_identification:_identify(.) by extension 'cmake'
[0.250s] Level 1:colcon.colcon_core.package_identification:_identify(.) by extension 'python'
[0.250s] Level 1:colcon.colcon_core.package_identification:_identify(.) by extensions ['python_setup_py']
[0.250s] Level 1:colcon.colcon_core.package_identification:_identify(.) by extension 'python_setup_py'
[0.250s] Level 1:colcon.colcon_core.package_identification:_identify(build) by extensions ['ignore', 'ignore_ament_install']
[0.250s] Level 1:colcon.colcon_core.package_identification:_identify(build) by extension 'ignore'
[0.250s] Level 1:colcon.colcon_core.package_identification:_identify(build) ignored
[0.250s] Level 1:colcon.colcon_core.package_identification:_identify(install) by extensions ['ignore', 'ignore_ament_install']
[0.250s] Level 1:colcon.colcon_core.package_identification:_identify(install) by extension 'ignore'
[0.250s] Level 1:colcon.colcon_core.package_identification:_identify(install) ignored
[0.250s] Level 1:colcon.colcon_core.package_identification:_identify(log) by extensions ['ignore', 'ignore_ament_install']
[0.250s] Level 1:colcon.colcon_core.package_identification:_identify(log) by extension 'ignore'
[0.251s] Level 1:colcon.colcon_core.package_identification:_identify(log) ignored
[0.251s] Level 1:colcon.colcon_core.package_identification:_identify(src) by extensions ['ignore', 'ignore_ament_install']
[0.251s] Level 1:colcon.colcon_core.package_identification:_identify(src) by extension 'ignore'
[0.251s] Level 1:colcon.colcon_core.package_identification:_identify(src) by extension 'ignore_ament_install'
[0.251s] Level 1:colcon.colcon_core.package_identification:_identify(src) by extensions ['colcon_pkg']
[0.251s] Level 1:colcon.colcon_core.package_identification:_identify(src) by extension 'colcon_pkg'
[0.251s] Level 1:colcon.colcon_core.package_identification:_identify(src) by extensions ['colcon_meta']
[0.251s] Level 1:colcon.colcon_core.package_identification:_identify(src) by extension 'colcon_meta'
[0.251s] Level 1:colcon.colcon_core.package_identification:_identify(src) by extensions ['ros']
[0.251s] Level 1:colcon.colcon_core.package_identification:_identify(src) by extension 'ros'
[0.251s] Level 1:colcon.colcon_core.package_identification:_identify(src) by extensions ['cmake', 'python']
[0.251s] Level 1:colcon.colcon_core.package_identification:_identify(src) by extension 'cmake'
[0.251s] Level 1:colcon.colcon_core.package_identification:_identify(src) by extension 'python'
[0.251s] Level 1:colcon.colcon_core.package_identification:_identify(src) by extensions ['python_setup_py']
[0.251s] Level 1:colcon.colcon_core.package_identification:_identify(src) by extension 'python_setup_py'
[0.251s] Level 1:colcon.colcon_core.package_identification:_identify(src/samk_robowar_world) by extensions ['ignore', 'ignore_ament_install']
[0.251s] Level 1:colcon.colcon_core.package_identification:_identify(src/samk_robowar_world) by extension 'ignore'
[0.251s] Level 1:colcon.colcon_core.package_identification:_identify(src/samk_robowar_world) by extension 'ignore_ament_install'
[0.251s] Level 1:colcon.colcon_core.package_identification:_identify(src/samk_robowar_world) by extensions ['colcon_pkg']
[0.251s] Level 1:colcon.colcon_core.package_identification:_identify(src/samk_robowar_world) by extension 'colcon_pkg'
[0.251s] Level 1:colcon.colcon_core.package_identification:_identify(src/samk_robowar_world) by extensions ['colcon_meta']
[0.251s] Level 1:colcon.colcon_core.package_identification:_identify(src/samk_robowar_world) by extension 'colcon_meta'
[0.251s] Level 1:colcon.colcon_core.package_identification:_identify(src/samk_robowar_world) by extensions ['ros']
[0.251s] Level 1:colcon.colcon_core.package_identification:_identify(src/samk_robowar_world) by extension 'ros'
[0.253s] DEBUG:colcon.colcon_core.package_identification:Package 'src/samk_robowar_world' with type 'ros.ament_cmake' and name 'samk_robowar_world'
[0.253s] Level 1:colcon.colcon_core.package_identification:_identify(src/sensors_demo) by extensions ['ignore', 'ignore_ament_install']
[0.254s] Level 1:colcon.colcon_core.package_identification:_identify(src/sensors_demo) by extension 'ignore'
[0.254s] Level 1:colcon.colcon_core.package_identification:_identify(src/sensors_demo) by extension 'ignore_ament_install'
[0.254s] Level 1:colcon.colcon_core.package_identification:_identify(src/sensors_demo) by extensions ['colcon_pkg']
[0.254s] Level 1:colcon.colcon_core.package_identification:_identify(src/sensors_demo) by extension 'colcon_pkg'
[0.254s] Level 1:colcon.colcon_core.package_identification:_identify(src/sensors_demo) by extensions ['colcon_meta']
[0.254s] Level 1:colcon.colcon_core.package_identification:_identify(src/sensors_demo) by extension 'colcon_meta'
[0.254s] Level 1:colcon.colcon_core.package_identification:_identify(src/sensors_demo) by extensions ['ros']
[0.254s] Level 1:colcon.colcon_core.package_identification:_identify(src/sensors_demo) by extension 'ros'
[0.254s] DEBUG:colcon.colcon_core.package_identification:Package 'src/sensors_demo' with type 'ros.ament_cmake' and name 'sensors_demo'
[0.254s] Level 1:colcon.colcon_core.package_discovery:discover_packages(recursive) using defaults
[0.254s] Level 1:colcon.colcon_core.package_discovery:discover_packages(ignore) discover
[0.254s] Level 1:colcon.colcon_core.package_discovery:discover_packages(ignore) using defaults
[0.254s] Level 1:colcon.colcon_core.package_discovery:discover_packages(path) discover
[0.254s] Level 1:colcon.colcon_core.package_discovery:discover_packages(path) using defaults
[0.269s] INFO:colcon.colcon_core.package_selection:Skipping not selected package 'samk_robowar_world' in 'src/samk_robowar_world'
[0.269s] Level 1:colcon.colcon_core.package_discovery:discover_packages(prefix_path) check parameters
[0.269s] Level 1:colcon.colcon_core.package_discovery:discover_packages(prefix_path) discover
[0.271s] DEBUG:colcon.colcon_installed_package_information.package_discovery:Found 2 installed packages in /home/jellybuba/repos/ROS_DE230003/ros2_ws/install
[0.272s] DEBUG:colcon.colcon_installed_package_information.package_discovery:Found 285 installed packages in /opt/ros/jazzy
[0.274s] Level 1:colcon.colcon_core.package_discovery:discover_packages(prefix_path) using defaults
[0.308s] Level 5:colcon.colcon_core.verb:set package 'sensors_demo' build argument 'cmake_args' from command line to 'None'
[0.308s] Level 5:colcon.colcon_core.verb:set package 'sensors_demo' build argument 'cmake_target' from command line to 'None'
[0.308s] Level 5:colcon.colcon_core.verb:set package 'sensors_demo' build argument 'cmake_target_skip_unavailable' from command line to 'False'
[0.308s] Level 5:colcon.colcon_core.verb:set package 'sensors_demo' build argument 'cmake_clean_cache' from command line to 'False'
[0.308s] Level 5:colcon.colcon_core.verb:set package 'sensors_demo' build argument 'cmake_clean_first' from command line to 'False'
[0.308s] Level 5:colcon.colcon_core.verb:set package 'sensors_demo' build argument 'cmake_force_configure' from command line to 'False'
[0.308s] Level 5:colcon.colcon_core.verb:set package 'sensors_demo' build argument 'ament_cmake_args' from command line to 'None'
[0.308s] Level 5:colcon.colcon_core.verb:set package 'sensors_demo' build argument 'catkin_cmake_args' from command line to 'None'
[0.308s] Level 5:colcon.colcon_core.verb:set package 'sensors_demo' build argument 'catkin_skip_building_tests' from command line to 'False'
[0.308s] DEBUG:colcon.colcon_core.verb:Building package 'sensors_demo' with the following arguments: {'ament_cmake_args': None, 'build_base': '/home/jellybuba/repos/ROS_DE230003/ros2_ws/build/sensors_demo', 'catkin_cmake_args': None, 'catkin_skip_building_tests': False, 'cmake_args': None, 'cmake_clean_cache': False, 'cmake_clean_first': False, 'cmake_force_configure': False, 'cmake_target': None, 'cmake_target_skip_unavailable': False, 'install_base': '/home/jellybuba/repos/ROS_DE230003/ros2_ws/install/sensors_demo', 'merge_install': False, 'path': '/home/jellybuba/repos/ROS_DE230003/ros2_ws/src/sensors_demo', 'symlink_install': False, 'test_result_base': None}
[0.308s] INFO:colcon.colcon_core.executor:Executing jobs using 'parallel' executor
[0.309s] DEBUG:colcon.colcon_parallel_executor.executor.parallel:run_until_complete
[0.309s] INFO:colcon.colcon_ros.task.ament_cmake.build:Building ROS package in '/home/jellybuba/repos/ROS_DE230003/ros2_ws/src/sensors_demo' with build type 'ament_cmake'
[0.310s] INFO:colcon.colcon_cmake.task.cmake.build:Building CMake package in '/home/jellybuba/repos/ROS_DE230003/ros2_ws/src/sensors_demo'
[0.312s] INFO:colcon.colcon_core.plugin_system:Skipping extension 'colcon_core.shell.bat': Not used on non-Windows systems
[0.312s] INFO:colcon.colcon_core.shell:Skip shell extension 'powershell' for command environment: Not usable outside of PowerShell
[0.312s] DEBUG:colcon.colcon_core.shell:Skip shell extension 'dsv' for command environment
[0.321s] DEBUG:colcon.colcon_core.event_handler.log_command:Invoking command in '/home/jellybuba/repos/ROS_DE230003/ros2_ws/build/sensors_demo': CMAKE_PREFIX_PATH=${CMAKE_PREFIX_PATH}:/opt/ros/jazzy /usr/bin/cmake --build /home/jellybuba/repos/ROS_DE230003/ros2_ws/build/sensors_demo -- -j16 -l16
[0.681s] DEBUG:colcon.colcon_core.event_handler.log_command:Invoked command in '/home/jellybuba/repos/ROS_DE230003/ros2_ws/build/sensors_demo' returned '0': CMAKE_PREFIX_PATH=${CMAKE_PREFIX_PATH}:/opt/ros/jazzy /usr/bin/cmake --build /home/jellybuba/repos/ROS_DE230003/ros2_ws/build/sensors_demo -- -j16 -l16
[0.692s] DEBUG:colcon.colcon_core.event_handler.log_command:Invoking command in '/home/jellybuba/repos/ROS_DE230003/ros2_ws/build/sensors_demo': CMAKE_PREFIX_PATH=${CMAKE_PREFIX_PATH}:/opt/ros/jazzy /usr/bin/cmake --install /home/jellybuba/repos/ROS_DE230003/ros2_ws/build/sensors_demo
[0.704s] Level 1:colcon.colcon_core.environment:create_environment_scripts_only(sensors_demo)
[0.705s] DEBUG:colcon.colcon_core.event_handler.log_command:Invoked command in '/home/jellybuba/repos/ROS_DE230003/ros2_ws/build/sensors_demo' returned '0': CMAKE_PREFIX_PATH=${CMAKE_PREFIX_PATH}:/opt/ros/jazzy /usr/bin/cmake --install /home/jellybuba/repos/ROS_DE230003/ros2_ws/build/sensors_demo
[0.706s] Level 1:colcon.colcon_core.environment:checking '/home/jellybuba/repos/ROS_DE230003/ros2_ws/install/sensors_demo' for CMake module files
[0.707s] Level 1:colcon.colcon_core.environment:checking '/home/jellybuba/repos/ROS_DE230003/ros2_ws/install/sensors_demo' for CMake config files
[0.707s] Level 1:colcon.colcon_core.shell:create_environment_hook('sensors_demo', 'cmake_prefix_path')
[0.707s] INFO:colcon.colcon_core.shell:Creating environment hook '/home/jellybuba/repos/ROS_DE230003/ros2_ws/install/sensors_demo/share/sensors_demo/hook/cmake_prefix_path.ps1'
[0.708s] INFO:colcon.colcon_core.shell:Creating environment descriptor '/home/jellybuba/repos/ROS_DE230003/ros2_ws/install/sensors_demo/share/sensors_demo/hook/cmake_prefix_path.dsv'
[0.708s] INFO:colcon.colcon_core.shell:Creating environment hook '/home/jellybuba/repos/ROS_DE230003/ros2_ws/install/sensors_demo/share/sensors_demo/hook/cmake_prefix_path.sh'
[0.709s] Level 1:colcon.colcon_core.environment:checking '/home/jellybuba/repos/ROS_DE230003/ros2_ws/install/sensors_demo/bin'
[0.709s] Level 1:colcon.colcon_core.environment:checking '/home/jellybuba/repos/ROS_DE230003/ros2_ws/install/sensors_demo/lib/pkgconfig/sensors_demo.pc'
[0.709s] Level 1:colcon.colcon_core.environment:checking '/home/jellybuba/repos/ROS_DE230003/ros2_ws/install/sensors_demo/lib/python3.12/site-packages'
[0.709s] Level 1:colcon.colcon_core.environment:checking '/home/jellybuba/repos/ROS_DE230003/ros2_ws/install/sensors_demo/bin'
[0.710s] INFO:colcon.colcon_core.shell:Creating package script '/home/jellybuba/repos/ROS_DE230003/ros2_ws/install/sensors_demo/share/sensors_demo/package.ps1'
[0.710s] INFO:colcon.colcon_core.shell:Creating package descriptor '/home/jellybuba/repos/ROS_DE230003/ros2_ws/install/sensors_demo/share/sensors_demo/package.dsv'
[0.711s] INFO:colcon.colcon_core.shell:Creating package script '/home/jellybuba/repos/ROS_DE230003/ros2_ws/install/sensors_demo/share/sensors_demo/package.sh'
[0.711s] INFO:colcon.colcon_core.shell:Creating package script '/home/jellybuba/repos/ROS_DE230003/ros2_ws/install/sensors_demo/share/sensors_demo/package.bash'
[0.712s] INFO:colcon.colcon_core.shell:Creating package script '/home/jellybuba/repos/ROS_DE230003/ros2_ws/install/sensors_demo/share/sensors_demo/package.zsh'
[0.712s] Level 1:colcon.colcon_core.environment:create_file_with_runtime_dependencies(/home/jellybuba/repos/ROS_DE230003/ros2_ws/install/sensors_demo/share/colcon-core/packages/sensors_demo)
[0.713s] Level 1:colcon.colcon_core.environment:create_environment_scripts_only(sensors_demo)
[0.713s] Level 1:colcon.colcon_core.environment:checking '/home/jellybuba/repos/ROS_DE230003/ros2_ws/install/sensors_demo' for CMake module files
[0.713s] Level 1:colcon.colcon_core.environment:checking '/home/jellybuba/repos/ROS_DE230003/ros2_ws/install/sensors_demo' for CMake config files
[0.714s] Level 1:colcon.colcon_core.shell:create_environment_hook('sensors_demo', 'cmake_prefix_path')
[0.714s] INFO:colcon.colcon_core.shell:Creating environment hook '/home/jellybuba/repos/ROS_DE230003/ros2_ws/install/sensors_demo/share/sensors_demo/hook/cmake_prefix_path.ps1'
[0.714s] INFO:colcon.colcon_core.shell:Creating environment descriptor '/home/jellybuba/repos/ROS_DE230003/ros2_ws/install/sensors_demo/share/sensors_demo/hook/cmake_prefix_path.dsv'
[0.714s] INFO:colcon.colcon_core.shell:Creating environment hook '/home/jellybuba/repos/ROS_DE230003/ros2_ws/install/sensors_demo/share/sensors_demo/hook/cmake_prefix_path.sh'
[0.715s] Level 1:colcon.colcon_core.environment:checking '/home/jellybuba/repos/ROS_DE230003/ros2_ws/install/sensors_demo/bin'
[0.715s] Level 1:colcon.colcon_core.environment:checking '/home/jellybuba/repos/ROS_DE230003/ros2_ws/install/sensors_demo/lib/pkgconfig/sensors_demo.pc'
[0.715s] Level 1:colcon.colcon_core.environment:checking '/home/jellybuba/repos/ROS_DE230003/ros2_ws/install/sensors_demo/lib/python3.12/site-packages'
[0.715s] Level 1:colcon.colcon_core.environment:checking '/home/jellybuba/repos/ROS_DE230003/ros2_ws/install/sensors_demo/bin'
[0.715s] INFO:colcon.colcon_core.shell:Creating package script '/home/jellybuba/repos/ROS_DE230003/ros2_ws/install/sensors_demo/share/sensors_demo/package.ps1'
[0.716s] INFO:colcon.colcon_core.shell:Creating package descriptor '/home/jellybuba/repos/ROS_DE230003/ros2_ws/install/sensors_demo/share/sensors_demo/package.dsv'
[0.716s] INFO:colcon.colcon_core.shell:Creating package script '/home/jellybuba/repos/ROS_DE230003/ros2_ws/install/sensors_demo/share/sensors_demo/package.sh'
[0.716s] INFO:colcon.colcon_core.shell:Creating package script '/home/jellybuba/repos/ROS_DE230003/ros2_ws/install/sensors_demo/share/sensors_demo/package.bash'
[0.717s] INFO:colcon.colcon_core.shell:Creating package script '/home/jellybuba/repos/ROS_DE230003/ros2_ws/install/sensors_demo/share/sensors_demo/package.zsh'
[0.717s] Level 1:colcon.colcon_core.environment:create_file_with_runtime_dependencies(/home/jellybuba/repos/ROS_DE230003/ros2_ws/install/sensors_demo/share/colcon-core/packages/sensors_demo)
[0.717s] DEBUG:colcon.colcon_parallel_executor.executor.parallel:closing loop
[0.718s] DEBUG:colcon.colcon_parallel_executor.executor.parallel:loop closed
[0.718s] DEBUG:colcon.colcon_parallel_executor.executor.parallel:run_until_complete finished with '0'
[0.718s] DEBUG:colcon.colcon_core.event_reactor:joining thread
[0.778s] INFO:colcon.colcon_core.plugin_system:Skipping extension 'colcon_notification.desktop_notification.notify_send': Could not find 'notify-send'
[0.778s] INFO:colcon.colcon_core.plugin_system:Skipping extension 'colcon_notification.desktop_notification.terminal_notifier': Not used on non-Darwin systems
[0.778s] INFO:colcon.colcon_core.plugin_system:Skipping extension 'colcon_notification.desktop_notification.win32': Not used on non-Windows systems
[0.778s] INFO:colcon.colcon_notification.desktop_notification:Sending desktop notification using 'notify2'
[0.779s] DEBUG:colcon.colcon_notification.desktop_notification.notify2:Failed to initialize notify2: org.freedesktop.DBus.Error.ServiceUnknown: The name org.freedesktop.Notifications was not provided by any .service files
[0.779s] DEBUG:colcon.colcon_core.event_reactor:joined thread
[0.779s] INFO:colcon.colcon_core.shell:Creating prefix script '/home/jellybuba/repos/ROS_DE230003/ros2_ws/install/local_setup.ps1'
[0.780s] INFO:colcon.colcon_core.shell:Creating prefix util module '/home/jellybuba/repos/ROS_DE230003/ros2_ws/install/_local_setup_util_ps1.py'
[0.781s] INFO:colcon.colcon_core.shell:Creating prefix chain script '/home/jellybuba/repos/ROS_DE230003/ros2_ws/install/setup.ps1'
[0.782s] INFO:colcon.colcon_core.shell:Creating prefix script '/home/jellybuba/repos/ROS_DE230003/ros2_ws/install/local_setup.sh'
[0.782s] INFO:colcon.colcon_core.shell:Creating prefix util module '/home/jellybuba/repos/ROS_DE230003/ros2_ws/install/_local_setup_util_sh.py'
[0.783s] INFO:colcon.colcon_core.shell:Creating prefix chain script '/home/jellybuba/repos/ROS_DE230003/ros2_ws/install/setup.sh'
[0.783s] INFO:colcon.colcon_core.shell:Creating prefix script '/home/jellybuba/repos/ROS_DE230003/ros2_ws/install/local_setup.bash'
[0.784s] INFO:colcon.colcon_core.shell:Creating prefix chain script '/home/jellybuba/repos/ROS_DE230003/ros2_ws/install/setup.bash'
[0.784s] INFO:colcon.colcon_core.shell:Creating prefix script '/home/jellybuba/repos/ROS_DE230003/ros2_ws/install/local_setup.zsh'
[0.785s] INFO:colcon.colcon_core.shell:Creating prefix chain script '/home/jellybuba/repos/ROS_DE230003/ros2_ws/install/setup.zsh'
