[0.314s] DEBUG:colcon:Command line arguments: ['/usr/bin/colcon', 'build', '--packages-select', 'samk_robowar_world']
[0.314s] DEBUG:colcon:Parsed command line arguments: Namespace(log_base=None, log_level=None, verb_name='build', build_base='build', install_base='install', merge_install=False, symlink_install=False, test_result_base=None, continue_on_error=False, executor='parallel', parallel_workers=16, event_handlers=None, ignore_user_meta=False, metas=['./colcon.meta'], base_paths=['.'], packages_ignore=None, packages_ignore_regex=None, paths=None, packages_up_to=None, packages_up_to_regex=None, packages_above=None, packages_above_and_dependencies=None, packages_above_depth=None, packages_select_by_dep=None, packages_skip_by_dep=None, packages_skip_up_to=None, packages_select_build_failed=False, packages_skip_build_finished=False, packages_select_test_failures=False, packages_skip_test_passed=False, packages_select=['samk_robowar_world'], packages_skip=None, packages_select_regex=None, packages_skip_regex=None, packages_start=None, packages_end=None, allow_overriding=[], cmake_args=None, cmake_target=None, cmake_target_skip_unavailable=False, cmake_clean_cache=False, cmake_clean_first=False, cmake_force_configure=False, ament_cmake_args=None, catkin_cmake_args=None, catkin_skip_building_tests=False, mixin_files=None, mixin=None, verb_parser=<colcon_mixin.mixin.mixin_argument.MixinArgumentDecorator object at 0x777e21868fb0>, verb_extension=<colcon_core.verb.build.BuildVerb object at 0x777e21868c50>, main=<bound method BuildVerb.main of <colcon_core.verb.build.BuildVerb object at 0x777e21868c50>>, mixin_verb=('build',))
[0.383s] Level 1:colcon.colcon_core.package_discovery:discover_packages(colcon_meta) check parameters
[0.383s] Level 1:colcon.colcon_core.package_discovery:discover_packages(recursive) check parameters
[0.383s] Level 1:colcon.colcon_core.package_discovery:discover_packages(ignore) check parameters
[0.383s] Level 1:colcon.colcon_core.package_discovery:discover_packages(path) check parameters
[0.383s] Level 1:colcon.colcon_core.package_discovery:discover_packages(colcon_meta) discover
[0.383s] Level 1:colcon.colcon_core.package_discovery:discover_packages(recursive) discover
[0.383s] INFO:colcon.colcon_core.package_discovery:Crawling recursively for packages in '/home/jellybuba/repos/ROS_DE230003/ros2_ws'
[0.383s] Level 1:colcon.colcon_core.package_identification:_identify(.) by extensions ['ignore', 'ignore_ament_install']
[0.383s] Level 1:colcon.colcon_core.package_identification:_identify(.) by extension 'ignore'
[0.383s] Level 1:colcon.colcon_core.package_identification:_identify(.) by extension 'ignore_ament_install'
[0.383s] Level 1:colcon.colcon_core.package_identification:_identify(.) by extensions ['colcon_pkg']
[0.383s] Level 1:colcon.colcon_core.package_identification:_identify(.) by extension 'colcon_pkg'
[0.383s] Level 1:colcon.colcon_core.package_identification:_identify(.) by extensions ['colcon_meta']
[0.383s] Level 1:colcon.colcon_core.package_identification:_identify(.) by extension 'colcon_meta'
[0.383s] Level 1:colcon.colcon_core.package_identification:_identify(.) by extensions ['ros']
[0.383s] Level 1:colcon.colcon_core.package_identification:_identify(.) by extension 'ros'
[0.415s] Level 1:colcon.colcon_core.package_identification:_identify(.) by extensions ['cmake', 'python']
[0.415s] Level 1:colcon.colcon_core.package_identification:_identify(.) by extension 'cmake'
[0.415s] Level 1:colcon.colcon_core.package_identification:_identify(.) by extension 'python'
[0.416s] Level 1:colcon.colcon_core.package_identification:_identify(.) by extensions ['python_setup_py']
[0.416s] Level 1:colcon.colcon_core.package_identification:_identify(.) by extension 'python_setup_py'
[0.416s] Level 1:colcon.colcon_core.package_identification:_identify(build) by extensions ['ignore', 'ignore_ament_install']
[0.416s] Level 1:colcon.colcon_core.package_identification:_identify(build) by extension 'ignore'
[0.416s] Level 1:colcon.colcon_core.package_identification:_identify(build) ignored
[0.416s] Level 1:colcon.colcon_core.package_identification:_identify(install) by extensions ['ignore', 'ignore_ament_install']
[0.416s] Level 1:colcon.colcon_core.package_identification:_identify(install) by extension 'ignore'
[0.416s] Level 1:colcon.colcon_core.package_identification:_identify(install) ignored
[0.416s] Level 1:colcon.colcon_core.package_identification:_identify(log) by extensions ['ignore', 'ignore_ament_install']
[0.416s] Level 1:colcon.colcon_core.package_identification:_identify(log) by extension 'ignore'
[0.416s] Level 1:colcon.colcon_core.package_identification:_identify(log) ignored
[0.416s] Level 1:colcon.colcon_core.package_identification:_identify(src) by extensions ['ignore', 'ignore_ament_install']
[0.416s] Level 1:colcon.colcon_core.package_identification:_identify(src) by extension 'ignore'
[0.416s] Level 1:colcon.colcon_core.package_identification:_identify(src) by extension 'ignore_ament_install'
[0.416s] Level 1:colcon.colcon_core.package_identification:_identify(src) by extensions ['colcon_pkg']
[0.416s] Level 1:colcon.colcon_core.package_identification:_identify(src) by extension 'colcon_pkg'
[0.416s] Level 1:colcon.colcon_core.package_identification:_identify(src) by extensions ['colcon_meta']
[0.416s] Level 1:colcon.colcon_core.package_identification:_identify(src) by extension 'colcon_meta'
[0.416s] Level 1:colcon.colcon_core.package_identification:_identify(src) by extensions ['ros']
[0.416s] Level 1:colcon.colcon_core.package_identification:_identify(src) by extension 'ros'
[0.417s] Level 1:colcon.colcon_core.package_identification:_identify(src) by extensions ['cmake', 'python']
[0.417s] Level 1:colcon.colcon_core.package_identification:_identify(src) by extension 'cmake'
[0.417s] Level 1:colcon.colcon_core.package_identification:_identify(src) by extension 'python'
[0.417s] Level 1:colcon.colcon_core.package_identification:_identify(src) by extensions ['python_setup_py']
[0.417s] Level 1:colcon.colcon_core.package_identification:_identify(src) by extension 'python_setup_py'
[0.417s] Level 1:colcon.colcon_core.package_identification:_identify(src/samk_robowar_world) by extensions ['ignore', 'ignore_ament_install']
[0.417s] Level 1:colcon.colcon_core.package_identification:_identify(src/samk_robowar_world) by extension 'ignore'
[0.417s] Level 1:colcon.colcon_core.package_identification:_identify(src/samk_robowar_world) by extension 'ignore_ament_install'
[0.417s] Level 1:colcon.colcon_core.package_identification:_identify(src/samk_robowar_world) by extensions ['colcon_pkg']
[0.417s] Level 1:colcon.colcon_core.package_identification:_identify(src/samk_robowar_world) by extension 'colcon_pkg'
[0.417s] Level 1:colcon.colcon_core.package_identification:_identify(src/samk_robowar_world) by extensions ['colcon_meta']
[0.417s] Level 1:colcon.colcon_core.package_identification:_identify(src/samk_robowar_world) by extension 'colcon_meta'
[0.417s] Level 1:colcon.colcon_core.package_identification:_identify(src/samk_robowar_world) by extensions ['ros']
[0.417s] Level 1:colcon.colcon_core.package_identification:_identify(src/samk_robowar_world) by extension 'ros'
[0.420s] DEBUG:colcon.colcon_core.package_identification:Package 'src/samk_robowar_world' with type 'ros.ament_cmake' and name 'samk_robowar_world'
[0.421s] Level 1:colcon.colcon_core.package_identification:_identify(src/sensors_demo) by extensions ['ignore', 'ignore_ament_install']
[0.421s] Level 1:colcon.colcon_core.package_identification:_identify(src/sensors_demo) by extension 'ignore'
[0.421s] Level 1:colcon.colcon_core.package_identification:_identify(src/sensors_demo) by extension 'ignore_ament_install'
[0.421s] Level 1:colcon.colcon_core.package_identification:_identify(src/sensors_demo) by extensions ['colcon_pkg']
[0.421s] Level 1:colcon.colcon_core.package_identification:_identify(src/sensors_demo) by extension 'colcon_pkg'
[0.421s] Level 1:colcon.colcon_core.package_identification:_identify(src/sensors_demo) by extensions ['colcon_meta']
[0.421s] Level 1:colcon.colcon_core.package_identification:_identify(src/sensors_demo) by extension 'colcon_meta'
[0.421s] Level 1:colcon.colcon_core.package_identification:_identify(src/sensors_demo) by extensions ['ros']
[0.421s] Level 1:colcon.colcon_core.package_identification:_identify(src/sensors_demo) by extension 'ros'
[0.422s] DEBUG:colcon.colcon_core.package_identification:Package 'src/sensors_demo' with type 'ros.ament_cmake' and name 'sensors_demo'
[0.422s] Level 1:colcon.colcon_core.package_discovery:discover_packages(recursive) using defaults
[0.422s] Level 1:colcon.colcon_core.package_discovery:discover_packages(ignore) discover
[0.422s] Level 1:colcon.colcon_core.package_discovery:discover_packages(ignore) using defaults
[0.422s] Level 1:colcon.colcon_core.package_discovery:discover_packages(path) discover
[0.422s] Level 1:colcon.colcon_core.package_discovery:discover_packages(path) using defaults
[0.446s] INFO:colcon.colcon_core.package_selection:Skipping not selected package 'sensors_demo' in 'src/sensors_demo'
[0.447s] Level 1:colcon.colcon_core.package_discovery:discover_packages(prefix_path) check parameters
[0.447s] Level 1:colcon.colcon_core.package_discovery:discover_packages(prefix_path) discover
[0.451s] DEBUG:colcon.colcon_installed_package_information.package_discovery:Found 285 installed packages in /opt/ros/jazzy
[0.452s] Level 1:colcon.colcon_core.package_discovery:discover_packages(prefix_path) using defaults
[0.543s] Level 5:colcon.colcon_core.verb:set package 'samk_robowar_world' build argument 'cmake_args' from command line to 'None'
[0.543s] Level 5:colcon.colcon_core.verb:set package 'samk_robowar_world' build argument 'cmake_target' from command line to 'None'
[0.543s] Level 5:colcon.colcon_core.verb:set package 'samk_robowar_world' build argument 'cmake_target_skip_unavailable' from command line to 'False'
[0.544s] Level 5:colcon.colcon_core.verb:set package 'samk_robowar_world' build argument 'cmake_clean_cache' from command line to 'False'
[0.544s] Level 5:colcon.colcon_core.verb:set package 'samk_robowar_world' build argument 'cmake_clean_first' from command line to 'False'
[0.544s] Level 5:colcon.colcon_core.verb:set package 'samk_robowar_world' build argument 'cmake_force_configure' from command line to 'False'
[0.544s] Level 5:colcon.colcon_core.verb:set package 'samk_robowar_world' build argument 'ament_cmake_args' from command line to 'None'
[0.544s] Level 5:colcon.colcon_core.verb:set package 'samk_robowar_world' build argument 'catkin_cmake_args' from command line to 'None'
[0.544s] Level 5:colcon.colcon_core.verb:set package 'samk_robowar_world' build argument 'catkin_skip_building_tests' from command line to 'False'
[0.544s] DEBUG:colcon.colcon_core.verb:Building package 'samk_robowar_world' with the following arguments: {'ament_cmake_args': None, 'build_base': '/home/jellybuba/repos/ROS_DE230003/ros2_ws/build/samk_robowar_world', 'catkin_cmake_args': None, 'catkin_skip_building_tests': False, 'cmake_args': None, 'cmake_clean_cache': False, 'cmake_clean_first': False, 'cmake_force_configure': False, 'cmake_target': None, 'cmake_target_skip_unavailable': False, 'install_base': '/home/jellybuba/repos/ROS_DE230003/ros2_ws/install/samk_robowar_world', 'merge_install': False, 'path': '/home/jellybuba/repos/ROS_DE230003/ros2_ws/src/samk_robowar_world', 'symlink_install': False, 'test_result_base': None}
[0.544s] INFO:colcon.colcon_core.executor:Executing jobs using 'parallel' executor
[0.545s] DEBUG:colcon.colcon_parallel_executor.executor.parallel:run_until_complete
[0.545s] INFO:colcon.colcon_ros.task.ament_cmake.build:Building ROS package in '/home/jellybuba/repos/ROS_DE230003/ros2_ws/src/samk_robowar_world' with build type 'ament_cmake'
[0.545s] INFO:colcon.colcon_cmake.task.cmake.build:Building CMake package in '/home/jellybuba/repos/ROS_DE230003/ros2_ws/src/samk_robowar_world'
[0.550s] INFO:colcon.colcon_core.plugin_system:Skipping extension 'colcon_core.shell.bat': Not used on non-Windows systems
[0.550s] INFO:colcon.colcon_core.shell:Skip shell extension 'powershell' for command environment: Not usable outside of PowerShell
[0.551s] DEBUG:colcon.colcon_core.shell:Skip shell extension 'dsv' for command environment
[0.562s] DEBUG:colcon.colcon_core.event_handler.log_command:Invoking command in '/home/jellybuba/repos/ROS_DE230003/ros2_ws/build/samk_robowar_world': CMAKE_PREFIX_PATH=${CMAKE_PREFIX_PATH}:/opt/ros/jazzy /usr/bin/cmake --build /home/jellybuba/repos/ROS_DE230003/ros2_ws/build/samk_robowar_world -- -j16 -l16
[1.030s] DEBUG:colcon.colcon_core.event_handler.log_command:Invoked command in '/home/jellybuba/repos/ROS_DE230003/ros2_ws/build/samk_robowar_world' returned '0': CMAKE_PREFIX_PATH=${CMAKE_PREFIX_PATH}:/opt/ros/jazzy /usr/bin/cmake --build /home/jellybuba/repos/ROS_DE230003/ros2_ws/build/samk_robowar_world -- -j16 -l16
[1.041s] DEBUG:colcon.colcon_core.event_handler.log_command:Invoking command in '/home/jellybuba/repos/ROS_DE230003/ros2_ws/build/samk_robowar_world': CMAKE_PREFIX_PATH=${CMAKE_PREFIX_PATH}:/opt/ros/jazzy /usr/bin/cmake --install /home/jellybuba/repos/ROS_DE230003/ros2_ws/build/samk_robowar_world
[1.054s] Level 1:colcon.colcon_core.environment:create_environment_scripts_only(samk_robowar_world)
[1.055s] DEBUG:colcon.colcon_core.event_handler.log_command:Invoked command in '/home/jellybuba/repos/ROS_DE230003/ros2_ws/build/samk_robowar_world' returned '0': CMAKE_PREFIX_PATH=${CMAKE_PREFIX_PATH}:/opt/ros/jazzy /usr/bin/cmake --install /home/jellybuba/repos/ROS_DE230003/ros2_ws/build/samk_robowar_world
[1.060s] Level 1:colcon.colcon_core.environment:checking '/home/jellybuba/repos/ROS_DE230003/ros2_ws/install/samk_robowar_world' for CMake module files
[1.061s] Level 1:colcon.colcon_core.environment:checking '/home/jellybuba/repos/ROS_DE230003/ros2_ws/install/samk_robowar_world' for CMake config files
[1.061s] Level 1:colcon.colcon_core.shell:create_environment_hook('samk_robowar_world', 'cmake_prefix_path')
[1.061s] INFO:colcon.colcon_core.shell:Creating environment hook '/home/jellybuba/repos/ROS_DE230003/ros2_ws/install/samk_robowar_world/share/samk_robowar_world/hook/cmake_prefix_path.ps1'
[1.062s] INFO:colcon.colcon_core.shell:Creating environment descriptor '/home/jellybuba/repos/ROS_DE230003/ros2_ws/install/samk_robowar_world/share/samk_robowar_world/hook/cmake_prefix_path.dsv'
[1.063s] INFO:colcon.colcon_core.shell:Creating environment hook '/home/jellybuba/repos/ROS_DE230003/ros2_ws/install/samk_robowar_world/share/samk_robowar_world/hook/cmake_prefix_path.sh'
[1.064s] Level 1:colcon.colcon_core.environment:checking '/home/jellybuba/repos/ROS_DE230003/ros2_ws/install/samk_robowar_world/bin'
[1.064s] Level 1:colcon.colcon_core.environment:checking '/home/jellybuba/repos/ROS_DE230003/ros2_ws/install/samk_robowar_world/lib/pkgconfig/samk_robowar_world.pc'
[1.065s] Level 1:colcon.colcon_core.environment:checking '/home/jellybuba/repos/ROS_DE230003/ros2_ws/install/samk_robowar_world/lib/python3.12/site-packages'
[1.065s] Level 1:colcon.colcon_core.environment:checking '/home/jellybuba/repos/ROS_DE230003/ros2_ws/install/samk_robowar_world/bin'
[1.065s] INFO:colcon.colcon_core.shell:Creating package script '/home/jellybuba/repos/ROS_DE230003/ros2_ws/install/samk_robowar_world/share/samk_robowar_world/package.ps1'
[1.066s] INFO:colcon.colcon_core.shell:Creating package descriptor '/home/jellybuba/repos/ROS_DE230003/ros2_ws/install/samk_robowar_world/share/samk_robowar_world/package.dsv'
[1.067s] INFO:colcon.colcon_core.shell:Creating package script '/home/jellybuba/repos/ROS_DE230003/ros2_ws/install/samk_robowar_world/share/samk_robowar_world/package.sh'
[1.068s] INFO:colcon.colcon_core.shell:Creating package script '/home/jellybuba/repos/ROS_DE230003/ros2_ws/install/samk_robowar_world/share/samk_robowar_world/package.bash'
[1.069s] INFO:colcon.colcon_core.shell:Creating package script '/home/jellybuba/repos/ROS_DE230003/ros2_ws/install/samk_robowar_world/share/samk_robowar_world/package.zsh'
[1.069s] Level 1:colcon.colcon_core.environment:create_file_with_runtime_dependencies(/home/jellybuba/repos/ROS_DE230003/ros2_ws/install/samk_robowar_world/share/colcon-core/packages/samk_robowar_world)
[1.070s] Level 1:colcon.colcon_core.environment:create_environment_scripts_only(samk_robowar_world)
[1.070s] Level 1:colcon.colcon_core.environment:checking '/home/jellybuba/repos/ROS_DE230003/ros2_ws/install/samk_robowar_world' for CMake module files
[1.070s] Level 1:colcon.colcon_core.environment:checking '/home/jellybuba/repos/ROS_DE230003/ros2_ws/install/samk_robowar_world' for CMake config files
[1.071s] Level 1:colcon.colcon_core.shell:create_environment_hook('samk_robowar_world', 'cmake_prefix_path')
[1.071s] INFO:colcon.colcon_core.shell:Creating environment hook '/home/jellybuba/repos/ROS_DE230003/ros2_ws/install/samk_robowar_world/share/samk_robowar_world/hook/cmake_prefix_path.ps1'
[1.071s] INFO:colcon.colcon_core.shell:Creating environment descriptor '/home/jellybuba/repos/ROS_DE230003/ros2_ws/install/samk_robowar_world/share/samk_robowar_world/hook/cmake_prefix_path.dsv'
[1.072s] INFO:colcon.colcon_core.shell:Creating environment hook '/home/jellybuba/repos/ROS_DE230003/ros2_ws/install/samk_robowar_world/share/samk_robowar_world/hook/cmake_prefix_path.sh'
[1.072s] Level 1:colcon.colcon_core.environment:checking '/home/jellybuba/repos/ROS_DE230003/ros2_ws/install/samk_robowar_world/bin'
[1.072s] Level 1:colcon.colcon_core.environment:checking '/home/jellybuba/repos/ROS_DE230003/ros2_ws/install/samk_robowar_world/lib/pkgconfig/samk_robowar_world.pc'
[1.072s] Level 1:colcon.colcon_core.environment:checking '/home/jellybuba/repos/ROS_DE230003/ros2_ws/install/samk_robowar_world/lib/python3.12/site-packages'
[1.073s] Level 1:colcon.colcon_core.environment:checking '/home/jellybuba/repos/ROS_DE230003/ros2_ws/install/samk_robowar_world/bin'
[1.073s] INFO:colcon.colcon_core.shell:Creating package script '/home/jellybuba/repos/ROS_DE230003/ros2_ws/install/samk_robowar_world/share/samk_robowar_world/package.ps1'
[1.073s] INFO:colcon.colcon_core.shell:Creating package descriptor '/home/jellybuba/repos/ROS_DE230003/ros2_ws/install/samk_robowar_world/share/samk_robowar_world/package.dsv'
[1.074s] INFO:colcon.colcon_core.shell:Creating package script '/home/jellybuba/repos/ROS_DE230003/ros2_ws/install/samk_robowar_world/share/samk_robowar_world/package.sh'
[1.074s] INFO:colcon.colcon_core.shell:Creating package script '/home/jellybuba/repos/ROS_DE230003/ros2_ws/install/samk_robowar_world/share/samk_robowar_world/package.bash'
[1.074s] INFO:colcon.colcon_core.shell:Creating package script '/home/jellybuba/repos/ROS_DE230003/ros2_ws/install/samk_robowar_world/share/samk_robowar_world/package.zsh'
[1.075s] Level 1:colcon.colcon_core.environment:create_file_with_runtime_dependencies(/home/jellybuba/repos/ROS_DE230003/ros2_ws/install/samk_robowar_world/share/colcon-core/packages/samk_robowar_world)
[1.075s] DEBUG:colcon.colcon_parallel_executor.executor.parallel:closing loop
[1.076s] DEBUG:colcon.colcon_parallel_executor.executor.parallel:loop closed
[1.076s] DEBUG:colcon.colcon_parallel_executor.executor.parallel:run_until_complete finished with '0'
[1.076s] DEBUG:colcon.colcon_core.event_reactor:joining thread
[1.136s] INFO:colcon.colcon_core.plugin_system:Skipping extension 'colcon_notification.desktop_notification.notify_send': Could not find 'notify-send'
[1.136s] INFO:colcon.colcon_core.plugin_system:Skipping extension 'colcon_notification.desktop_notification.terminal_notifier': Not used on non-Darwin systems
[1.136s] INFO:colcon.colcon_core.plugin_system:Skipping extension 'colcon_notification.desktop_notification.win32': Not used on non-Windows systems
[1.136s] INFO:colcon.colcon_notification.desktop_notification:Sending desktop notification using 'notify2'
[1.138s] DEBUG:colcon.colcon_notification.desktop_notification.notify2:Failed to initialize notify2: org.freedesktop.DBus.Error.ServiceUnknown: The name org.freedesktop.Notifications was not provided by any .service files
[1.138s] DEBUG:colcon.colcon_core.event_reactor:joined thread
[1.138s] INFO:colcon.colcon_core.shell:Creating prefix script '/home/jellybuba/repos/ROS_DE230003/ros2_ws/install/local_setup.ps1'
[1.139s] INFO:colcon.colcon_core.shell:Creating prefix util module '/home/jellybuba/repos/ROS_DE230003/ros2_ws/install/_local_setup_util_ps1.py'
[1.141s] INFO:colcon.colcon_core.shell:Creating prefix chain script '/home/jellybuba/repos/ROS_DE230003/ros2_ws/install/setup.ps1'
[1.142s] INFO:colcon.colcon_core.shell:Creating prefix script '/home/jellybuba/repos/ROS_DE230003/ros2_ws/install/local_setup.sh'
[1.142s] INFO:colcon.colcon_core.shell:Creating prefix util module '/home/jellybuba/repos/ROS_DE230003/ros2_ws/install/_local_setup_util_sh.py'
[1.143s] INFO:colcon.colcon_core.shell:Creating prefix chain script '/home/jellybuba/repos/ROS_DE230003/ros2_ws/install/setup.sh'
[1.144s] INFO:colcon.colcon_core.shell:Creating prefix script '/home/jellybuba/repos/ROS_DE230003/ros2_ws/install/local_setup.bash'
[1.145s] INFO:colcon.colcon_core.shell:Creating prefix chain script '/home/jellybuba/repos/ROS_DE230003/ros2_ws/install/setup.bash'
[1.145s] INFO:colcon.colcon_core.shell:Creating prefix script '/home/jellybuba/repos/ROS_DE230003/ros2_ws/install/local_setup.zsh'
[1.146s] INFO:colcon.colcon_core.shell:Creating prefix chain script '/home/jellybuba/repos/ROS_DE230003/ros2_ws/install/setup.zsh'
